// Jest Snapshot v1, https://goo.gl/fbAQLP

exports[`Header.jsx matches snapshot 1`] = `
<div
  className="header"
>
  <h1>
    ReactTemplate
  </h1>
</div>
`;
