// Jest Snapshot v1, https://goo.gl/fbAQLP

exports[`Navbar.jsx matches snapshot 1`] = `
<nav
  className="navbar"
>
  <h1>
    Sukrit Chhabra
  </h1>
</nav>
`;
